PING www.google.com (142.250.183.4) 56(84) bytes of data.
64 bytes from bom07s30-in-f4.1e100.net (142.250.183.4): icmp_seq=1 ttl=107 time=55.4 ms

--- www.google.com ping statistics ---
1 packets transmitted, 1 received, 0% packet loss, time 0ms
rtt min/avg/max/mdev = 55.416/55.416/55.416/0.000 ms
